Warning: logging configuration file is not found in logger\logger_config.json.

INFO:evaluation:Namespace(epsilon=1.0, grid_num=6, w=20, method='retrasyn_pst', dataset='tdrive', multiprocessing=False, phi=20, compare_methods='retrasyn,retrasyn_pst_balanced_projoff,retrasyn_pst_balanced_adaptive06,retrasyn_pst_balanced_adaptive10,retrasyn_pst_balanced_adaptive14', pst_profile='balanced', pst_report_rate=4.5, pst_explore_rate=1.6, pst_split_sigma=1.0, pst_confirm_gain=0.01, pst_length_eps_frac=0.02, pst_marginal_eps_frac=0.1, pst_explore_budget_ratio=0.45, pst_momentum_min_candidates=5, pst_consistency_mix=0.18, pst_length_max=96, pst_base_grid_num=6, pst_base_radius=1, pst_max_radius=3, pst_context_grid_num=6, pst_context_depth=3, pst_context_budget_ratio=0.24, pst_coarse_mix=0.34, ablation_output='', pst_projection_strength=2.6, pst_projection_feasible_floor=0.1, pst_speed_weight=0.45, pst_turn_weight=0.75, pst_accel_weight=0.85, pst_projection_density_gamma=1.35)
INFO:evaluation:Spatial decomposition...
INFO:evaluation:Experiment: Density
INFO:evaluation:Experiment: Transition
INFO:evaluation:Experiment: Spatial-Temporal Query Error...
INFO:evaluation:Experiment: Pattern Errors
INFO:evaluation:Experiment: Hotspot NDCG
INFO:evaluation:Evaluating method: retrasyn
INFO:evaluation:Evaluating method: retrasyn_pst_balanced_projoff
INFO:evaluation:Evaluating method: retrasyn_pst_balanced_adaptive06
INFO:evaluation:Evaluating method: retrasyn_pst_balanced_adaptive10
INFO:evaluation:Evaluating method: retrasyn_pst_balanced_adaptive14
INFO:evaluation:===== retrasyn =====
INFO:evaluation:Density Error: 0.13549337655184693
INFO:evaluation:Transition Error: 0.41044299496131365
INFO:evaluation:Spatial-Temporal Query Error: 0.5097931591234822
INFO:evaluation:Pattern F1 Error: 0.3892000000000001
INFO:evaluation:Kendall-tau Coefficient: 0.6952380952380952
INFO:evaluation:Length Error: 0.2027415849743443
INFO:evaluation:Trip Error: 0.33622497995699163
INFO:evaluation:Physical Violation Error: 1.3518062398531676
INFO:evaluation:Hotspot NDCG: 0.4996913204617698
INFO:evaluation:===== retrasyn_pst_balanced_projoff =====
INFO:evaluation:Density Error: 0.16758393763606494
INFO:evaluation:Transition Error: 0.4166108017460692
INFO:evaluation:Spatial-Temporal Query Error: 0.5136885620003576
INFO:evaluation:Pattern F1 Error: 0.44549999999999995
INFO:evaluation:Kendall-tau Coefficient: 0.7777777777777778
INFO:evaluation:Length Error: 0.12847134908274016
INFO:evaluation:Trip Error: 0.268403460461081
INFO:evaluation:Physical Violation Error: 1.1287841121003284
INFO:evaluation:Hotspot NDCG: 0.4313971585069475
INFO:evaluation:Ablation metadata: context_grid_num=6, context_ratio=1.0, length_eps=0.02, marginal_eps=0.1, motion_report_eps=0.36784, motion_explore_eps=0.30096, context_report_eps=0.11615999999999999, context_explore_eps=0.09504, projection_rejection_mass=0.0, feasible_mass_ratio=1.0, physical_violation_reduction=0.0, adaptive_projection_strength=0.0, adaptive_projection_floor=0.25, candidate_hotspot_density=0.0
INFO:evaluation:===== retrasyn_pst_balanced_adaptive06 =====
INFO:evaluation:Density Error: 0.17450571476334809
INFO:evaluation:Transition Error: 0.41336478059830833
INFO:evaluation:Spatial-Temporal Query Error: 0.48334526686556883
INFO:evaluation:Pattern F1 Error: 0.46549999999999997
INFO:evaluation:Kendall-tau Coefficient: 0.7936507936507936
INFO:evaluation:Length Error: 0.12436494126752184
INFO:evaluation:Trip Error: 0.26216105103655174
INFO:evaluation:Physical Violation Error: 0.991042843210044
INFO:evaluation:Hotspot NDCG: 0.4085189763664049
INFO:evaluation:Ablation metadata: context_grid_num=6, context_ratio=1.0, length_eps=0.02, marginal_eps=0.1, motion_report_eps=0.36784, motion_explore_eps=0.30096, context_report_eps=0.11615999999999999, context_explore_eps=0.09504, projection_rejection_mass=0.33606338033281236, feasible_mass_ratio=0.6323603189324101, physical_violation_reduction=0.07739192711801929, adaptive_projection_strength=0.39225925061566275, adaptive_projection_floor=0.4176911040260345, candidate_hotspot_density=0.29811751826852445
INFO:evaluation:===== retrasyn_pst_balanced_adaptive10 =====
INFO:evaluation:Density Error: 0.17749887973027356
INFO:evaluation:Transition Error: 0.414143633551215
INFO:evaluation:Spatial-Temporal Query Error: 0.5256696871060025
INFO:evaluation:Pattern F1 Error: 0.45480000000000004
INFO:evaluation:Kendall-tau Coefficient: 0.7206349206349206
INFO:evaluation:Length Error: 0.12873352306617433
INFO:evaluation:Trip Error: 0.26147998225464414
INFO:evaluation:Physical Violation Error: 0.9912589000092282
INFO:evaluation:Hotspot NDCG: 0.39423341940506035
INFO:evaluation:Ablation metadata: context_grid_num=6, context_ratio=1.0, length_eps=0.02, marginal_eps=0.1, motion_report_eps=0.36784, motion_explore_eps=0.30096, context_report_eps=0.11615999999999999, context_explore_eps=0.09504, projection_rejection_mass=0.3990685174261351, feasible_mass_ratio=0.6247965461599272, physical_violation_reduction=0.09107741646724876, adaptive_projection_strength=0.6574399921254889, adaptive_projection_floor=0.41613054905772007, candidate_hotspot_density=0.29534319832479655
INFO:evaluation:===== retrasyn_pst_balanced_adaptive14 =====
INFO:evaluation:Density Error: 0.17874514043804957
INFO:evaluation:Transition Error: 0.41715274077578124
INFO:evaluation:Spatial-Temporal Query Error: 0.5295825671482176
INFO:evaluation:Pattern F1 Error: 0.45159999999999995
INFO:evaluation:Kendall-tau Coefficient: 0.765079365079365
INFO:evaluation:Length Error: 0.12515602241246465
INFO:evaluation:Trip Error: 0.25964451505222363
INFO:evaluation:Physical Violation Error: 0.9794835619683535
INFO:evaluation:Hotspot NDCG: 0.41934967922292027
INFO:evaluation:Ablation metadata: context_grid_num=6, context_ratio=1.0, length_eps=0.02, marginal_eps=0.1, motion_report_eps=0.36784, motion_explore_eps=0.30096, context_report_eps=0.11615999999999999, context_explore_eps=0.09504, projection_rejection_mass=0.43886574716395804, feasible_mass_ratio=0.6270362784145602, physical_violation_reduction=0.1017403026850765, adaptive_projection_strength=0.9070774020690301, adaptive_projection_floor=0.4210095048315721, candidate_hotspot_density=0.3040168974783062
INFO:evaluation:===== Comparison vs retrasyn =====
INFO:evaluation:----- retrasyn_pst_balanced_projoff -----
INFO:evaluation:Density Error delta: 0.03209056108421801
INFO:evaluation:Transition Error delta: 0.006167806784755536
INFO:evaluation:Spatial-Temporal Query Error delta: 0.003895402876875398
INFO:evaluation:Pattern F1 Error delta: 0.05629999999999985
INFO:evaluation:Kendall-tau Coefficient delta: 0.08253968253968258
INFO:evaluation:Length Error delta: -0.07427023589160414
INFO:evaluation:Trip Error delta: -0.06782151949591064
INFO:evaluation:Physical Violation Error delta: -0.22302212775283925
INFO:evaluation:Hotspot NDCG delta: -0.0682941619548223
INFO:evaluation:----- retrasyn_pst_balanced_adaptive06 -----
INFO:evaluation:Density Error delta: 0.03901233821150116
INFO:evaluation:Transition Error delta: 0.0029217856369946893
INFO:evaluation:Spatial-Temporal Query Error delta: -0.026447892257913386
INFO:evaluation:Pattern F1 Error delta: 0.07629999999999987
INFO:evaluation:Kendall-tau Coefficient delta: 0.0984126984126984
INFO:evaluation:Length Error delta: -0.07837664370682246
INFO:evaluation:Trip Error delta: -0.07406392892043989
INFO:evaluation:Physical Violation Error delta: -0.3607633966431236
INFO:evaluation:Hotspot NDCG delta: -0.0911723440953649
INFO:evaluation:----- retrasyn_pst_balanced_adaptive10 -----
INFO:evaluation:Density Error delta: 0.042005503178426634
INFO:evaluation:Transition Error delta: 0.0037006385899013283
INFO:evaluation:Spatial-Temporal Query Error delta: 0.01587652798252026
INFO:evaluation:Pattern F1 Error delta: 0.06559999999999994
INFO:evaluation:Kendall-tau Coefficient delta: 0.025396825396825418
INFO:evaluation:Length Error delta: -0.07400806190816997
INFO:evaluation:Trip Error delta: -0.0747449977023475
INFO:evaluation:Physical Violation Error delta: -0.3605473398439394
INFO:evaluation:Hotspot NDCG delta: -0.10545790105670944
INFO:evaluation:----- retrasyn_pst_balanced_adaptive14 -----
INFO:evaluation:Density Error delta: 0.04325176388620264
INFO:evaluation:Transition Error delta: 0.006709745814467594
INFO:evaluation:Spatial-Temporal Query Error delta: 0.01978940802473539
INFO:evaluation:Pattern F1 Error delta: 0.062399999999999844
INFO:evaluation:Kendall-tau Coefficient delta: 0.06984126984126982
INFO:evaluation:Length Error delta: -0.07758556256187965
INFO:evaluation:Trip Error delta: -0.076580464904768
INFO:evaluation:Physical Violation Error delta: -0.3723226778848141
INFO:evaluation:Hotspot NDCG delta: -0.08034164123884951
