Warning: logging configuration file is not found in logger\logger_config.json.

INFO:RetraSyn:Namespace(epsilon=1.0, grid_num=6, w=20, method='retrasyn_pst', dataset='tdrive', multiprocessing=False, phi=20, compare_methods='', pst_profile='balanced', pst_report_rate=4.5, pst_explore_rate=1.6, pst_split_sigma=1.0, pst_confirm_gain=0.01, pst_length_eps_frac=0.1, pst_marginal_eps_frac=0.1, pst_explore_budget_ratio=0.45, pst_momentum_min_candidates=5, pst_consistency_mix=0.18, pst_length_max=96, pst_base_grid_num=6, pst_base_radius=1, pst_max_radius=3, pst_context_grid_num=6, pst_context_depth=3, pst_context_budget_ratio=0.24, pst_coarse_mix=0.34, ablation_output='', pst_projection_strength=0.6, pst_projection_feasible_floor=0.25, pst_speed_weight=0.45, pst_turn_weight=0.45, pst_accel_weight=0.55, pst_projection_density_gamma=1.35)
INFO:RetraSyn:Reading dataset...
INFO:RetraSyn:Spatial decomposition...
INFO:RetraSyn:RetraSyn-PST...
INFO:RetraSyn:100 timestamps processed, PST nodes=21, confirmed_nodes=20, broadcasted_nodes=21, new_nodes=0
INFO:RetraSyn:Sampling stats: entropy=0.8426, coarse_entropy=0.9365, novelty=0.0047, report_weight=0.9327, explore_weight=0.0592, report_rate=0.3030, explore_rate=0.0773, report_users=365.9, explore_users=64.8
INFO:RetraSyn:Projection stats: rejection_mass=0.3354, feasible_mass_ratio=0.6496, violation_reduction=0.0771, adaptive_strength=0.3974, adaptive_floor=0.4132, hotspot_density=0.2902, raw_violation=0.7998, projected_violation=0.7598, samples=498754
INFO:RetraSyn:200 timestamps processed, PST nodes=25, confirmed_nodes=22, broadcasted_nodes=25, new_nodes=0
INFO:RetraSyn:Sampling stats: entropy=0.8158, coarse_entropy=0.9383, novelty=0.0013, report_weight=0.9253, explore_weight=0.0522, report_rate=0.2999, explore_rate=0.0758, report_users=361.6, explore_users=63.6
INFO:RetraSyn:Projection stats: rejection_mass=0.3222, feasible_mass_ratio=0.6488, violation_reduction=0.0859, adaptive_strength=0.3890, adaptive_floor=0.4209, hotspot_density=0.3039, raw_violation=0.7804, projected_violation=0.7384, samples=505579
INFO:RetraSyn:300 timestamps processed, PST nodes=26, confirmed_nodes=24, broadcasted_nodes=26, new_nodes=0
INFO:RetraSyn:Sampling stats: entropy=0.8309, coarse_entropy=0.9354, novelty=0.0013, report_weight=0.9341, explore_weight=0.0523, report_rate=0.3018, explore_rate=0.0764, report_users=255.6, explore_users=44.8
INFO:RetraSyn:Projection stats: rejection_mass=0.3277, feasible_mass_ratio=0.6468, violation_reduction=0.0781, adaptive_strength=0.3846, adaptive_floor=0.4245, hotspot_density=0.3103, raw_violation=0.7939, projected_violation=0.7533, samples=417925
INFO:RetraSyn:400 timestamps processed, PST nodes=27, confirmed_nodes=27, broadcasted_nodes=27, new_nodes=0
INFO:RetraSyn:Sampling stats: entropy=0.8335, coarse_entropy=0.9362, novelty=0.0009, report_weight=0.9291, explore_weight=0.0519, report_rate=0.3018, explore_rate=0.0764, report_users=308.0, explore_users=54.1
INFO:RetraSyn:Projection stats: rejection_mass=0.3361, feasible_mass_ratio=0.6307, violation_reduction=0.0771, adaptive_strength=0.3955, adaptive_floor=0.4149, hotspot_density=0.2932, raw_violation=0.7955, projected_violation=0.7565, samples=449580
INFO:RetraSyn:500 timestamps processed, PST nodes=28, confirmed_nodes=27, broadcasted_nodes=28, new_nodes=0
INFO:RetraSyn:Sampling stats: entropy=0.8231, coarse_entropy=0.9367, novelty=0.0001, report_weight=0.9313, explore_weight=0.0501, report_rate=0.3009, explore_rate=0.0759, report_users=290.7, explore_users=50.8
INFO:RetraSyn:Projection stats: rejection_mass=0.3297, feasible_mass_ratio=0.6373, violation_reduction=0.0811, adaptive_strength=0.3887, adaptive_floor=0.4208, hotspot_density=0.3036, raw_violation=0.7918, projected_violation=0.7509, samples=439019
INFO:RetraSyn:600 timestamps processed, PST nodes=29, confirmed_nodes=27, broadcasted_nodes=29, new_nodes=0
INFO:RetraSyn:Sampling stats: entropy=0.8287, coarse_entropy=0.9370, novelty=0.0004, report_weight=0.9367, explore_weight=0.0508, report_rate=0.3018, explore_rate=0.0762, report_users=180.1, explore_users=31.4
INFO:RetraSyn:Projection stats: rejection_mass=0.3403, feasible_mass_ratio=0.6147, violation_reduction=0.0712, adaptive_strength=0.3924, adaptive_floor=0.4180, hotspot_density=0.2986, raw_violation=0.7991, projected_violation=0.7614, samples=271618
INFO:RetraSyn:700 timestamps processed, PST nodes=29, confirmed_nodes=27, broadcasted_nodes=29, new_nodes=0
INFO:RetraSyn:Sampling stats: entropy=0.8462, coarse_entropy=0.9327, novelty=0.0007, report_weight=0.9407, explore_weight=0.0515, report_rate=0.3036, explore_rate=0.0769, report_users=128.9, explore_users=22.4
INFO:RetraSyn:Projection stats: rejection_mass=0.3538, feasible_mass_ratio=0.5867, violation_reduction=0.0631, adaptive_strength=0.3871, adaptive_floor=0.4224, hotspot_density=0.3065, raw_violation=0.8230, projected_violation=0.7877, samples=211981
INFO:RetraSyn:800 timestamps processed, PST nodes=29, confirmed_nodes=28, broadcasted_nodes=29, new_nodes=0
INFO:RetraSyn:Sampling stats: entropy=0.8395, coarse_entropy=0.9355, novelty=0.0001, report_weight=0.9420, explore_weight=0.0501, report_rate=0.3031, explore_rate=0.0766, report_users=169.9, explore_users=29.6
INFO:RetraSyn:Projection stats: rejection_mass=0.3523, feasible_mass_ratio=0.5999, violation_reduction=0.0685, adaptive_strength=0.3910, adaptive_floor=0.4190, hotspot_density=0.3005, raw_violation=0.8280, projected_violation=0.7902, samples=249013
INFO:RetraSyn:Runtime breakdown:
INFO:RetraSyn:  spatial_decomposition: 11.978s
INFO:RetraSyn:  pst_update: 17.109s
INFO:RetraSyn:  trajectory_synthesis: 130.397s
INFO:RetraSyn:  write_file: 3.401s
